exports[`makeDedent can create a dedent function with default indent 1`] = `
"    first line
    second
    third"
`;
